[2026-05-12 19:20:09] Forrásfájl beolvasása...
[2026-05-12 19:20:10] 1. sor | SZÖVKER Kereskedelmi Zártkörűen Működő Részvénytársaság | Adószám: 10457771208 | KSHKOD: 10457771
[2026-05-12 19:20:10] 2. sor | "SCARBANTIA" Szolgáltató és Kereskedelmi Zártkörűen Működő Részvénytársaság | Adószám: 10578997208 | KSHKOD: 10578997
[2026-05-12 19:20:10] 3. sor | NÁDOR Autó Gépjárműkereskedelmi és Szolgáltató Zártkörűen Működő Részvénytársaság | Adószám: 11120353208 | KSHKOD: 11120353
[2026-05-12 19:20:11] 4. sor | Ciklámen Ipari, Kereskedelmi és Vállalkozói Zártkörűen Működő Részvénytársaság | Adószám: 10706099208 | KSHKOD: 10706099
[2026-05-12 19:20:11] 5. sor | E.ON Észak-dunántúli Áramhálózati Zártkörűen Működő Részvénytársaság | Adószám: 10741980208 | KSHKOD: 10741980
[2026-05-12 19:20:12] 6. sor | HEINEKEN HUNGÁRIA SÖRGYÁRAK ZÁRTKÖRŰEN MŰKÖDŐ Részvénytársaság | Adószám: 11120281208 | KSHKOD: 11120281
[2026-05-12 19:20:12] 7. sor | Fertődi Építő és Szolgáltató Zártkörűen Működő Részvénytársaság | Adószám: 11121426208 | KSHKOD: 11121426
[2026-05-12 19:20:12] 8. sor | MÉH Hulladékgazdálkodási és Környezetipari Zártkörűen Működő Részvénytársaság | Adószám: 11122496208 | KSHKOD: 11122496
[2026-05-12 19:20:13] 9. sor | Győri ÉPFU Zártkörűen Működő Részvénytársaság | Adószám: 11122654208 | KSHKOD: 11122654
[2026-05-12 19:20:13] 10. sor | STROHM MOFÉM Zártkörűen Működő Részvénytársaság | Adószám: 11125358208 | KSHKOD: 11125358
[2026-05-12 19:20:14] 11. sor | Győr-Gönyű Kikötő Befektetési és Beruházásszervezési Zártkörően működő Részvénytársaság | Adószám: 11126177208 | KSHKOD: 11126177
[2026-05-12 19:20:14] 12. sor | Lajta-Hanság Mezőgazdasági-, Termelő-, Kereskedő és Szolgáltató Zártkörűen Működő Részvénytársaság | Adószám: 11127257208 | KSHKOD: 11127257
[2026-05-12 19:20:15] 13. sor | "PROVERTHA Electronic Components" Ipari Szolgáltató és Kereskedelmi Zártkörűen Működő Részvénytásaság | Adószám: 11129228208 | KSHKOD: 11129228
[2026-05-12 19:20:15] 14. sor | KÜHNE Mezőgazdasági Gépgyár Zártkörűen Működő Részvénytársaság | Adószám: 11128973208 | KSHKOD: 11128973
[2026-05-12 19:20:16] 15. sor | TAEG Tanulmányi Erdőgazdaság Zártkörűen Működő Részvénytársaság | Adószám: 11129400208 | KSHKOD: 11129400
[2026-05-12 19:20:16] 16. sor | CIKLÁMEN-TOURIST Idegenforgalmi Zártkörűen Működő Részvénytársaság | Adószám: 11130503208 | KSHKOD: 11130503
[2026-05-12 19:20:16] 17. sor | Eatrend Arrabona Zártkörűen Működő Részvénytársaság | Adószám: 11130967408 | KSHKOD: 11130967
[2026-05-12 19:20:17] 18. sor | Győri Likőrgyár Zártkörűen Működő Részvénytársaság | Adószám: 11130802208 | KSHKOD: 11130802
[2026-05-12 19:20:17] 19. sor | Győri Szeszgyár és Finomító Zártkörűen Működő Részvénytársaság | Adószám: 11130819208 | KSHKOD: 11130819
[2026-05-12 19:20:17] 20. sor | Kisalföldi Erdőgazdaság Zártkörűen Működő Részvénytársaság | Adószám: 11131298208 | KSHKOD: 11131298
[2026-05-12 19:20:17] 21. sor | INÍCIA Mezőgazdasági, Termelő, Szolgáltató és Kereskedelmi Zártkörűen Működő Részvénytársaság | Adószám: 11135003208 | KSHKOD: 11135003
[2026-05-12 19:20:18] 22. sor | HEKA Hegyeshalmi Kavicsbánya Zártkörűen Működő Részvénytársaság | Adószám: 11403029208 | KSHKOD: 11403029
[2026-05-12 19:20:18] 23. sor | ORIGO-SÁNTA ÉPÍTŐ Generálkivitelező és Fővállalkozó Zártkörűen Működő Részvénytársaság | Adószám: 11403373208 | KSHKOD: 11403373
[2026-05-12 19:20:19] 24. sor | Magyaróvári Timföld és Műkorund Zártkörűen Működő Részvénytársaság | Adószám: 11406761208 | KSHKOD: 11406761
[2026-05-12 19:20:20] 25. sor | DENTAL-PANNONIA Gyógyidegenforgalmi Zártkörűen Működő Részvénytársaság | Adószám: 11463762208 | KSHKOD: 11463762
[2026-05-12 19:20:20] 26. sor | Óvártej Kereskedelmi Zártkörűen Működő Részvénytársaság | Adószám: 11467807208 | KSHKOD: 11467807
[2026-05-12 19:20:21] 27. sor | Soproni Vízmű Zártkörűen Működő Részvénytársaság | Adószám: 11611226208 | KSHKOD: 11611226
[2026-05-12 19:20:21] 28. sor | Sokoróaljai Pincészet Zártkörűen Működő Részvénytársaság | Adószám: 11612289208 | KSHKOD: 11612289
[2026-05-12 19:20:21] 29. sor | HANSÁG-COOP Kereskedelmi és Szolgáltató Zártkörűen Működő Részvénytársaság | Adószám: 11805414208 | KSHKOD: 11805414
[2026-05-12 19:20:22] 30. sor | SO-HORP COOP Kereskedelmi és Szolgáltató Zártkörűen Működő Részvénytársaság | Adószám: 11825278208 | KSHKOD: 11825278
[2026-05-12 19:20:22] 31. sor | "UDVAROSHÁZ" Vagyonkezelő Zártkörűen Működő Részvénytársaság | Adószám: 11876793208 | KSHKOD: 11876793
[2026-05-12 19:20:23] 32. sor | Dunakiliti AGRÁR Mezőgazdasági Termelő és Kereskedő Zártkörűen Működő Részvénytársaság | Adószám: 12588387208 | KSHKOD: 12588387
[2026-05-12 19:20:23] 33. sor | ÓVÁR-AGRO Befektetési, Szolgáltató és Kereskedelmi Zártkörűen Működő Részvénytársaság | Adószám: 12687228208 | KSHKOD: 12687228
[2026-05-12 19:20:24] 34. sor | QP. Qualitative Production Gépipari és Kereskedelmi Zártkörűen Működő Részvénytársaság | Adószám: 12729223208 | KSHKOD: 12729223
[2026-05-12 19:20:24] 35. sor | GYŐR+MÉDIA Zártkörűen Működő Részvénytársaság | Adószám: 12759787208 | KSHKOD: 12759787
[2026-05-12 19:20:24] 36. sor | DLM Nyugatmagyarországi Vagyonkezelő Zártkörűen Működő Részvénytársaság | Adószám: 13213147208 | KSHKOD: 13213147
[2026-05-12 19:20:25] 37. sor | Győr-Sopron-Ebenfurti Vasút Zártkörűen Működő Részvénytársaság | Adószám: 10008676208 | KSHKOD: 10008676
[2026-05-12 19:20:25] 38. sor | RD-CREDIT Tanácsadó Zártkörűen Működő Részvénytársaság | Adószám: 13491103208 | KSHKOD: 13491103
[2026-05-12 19:20:26] 39. sor | SOPRON HOLDING Vagyonkezelő Zártkörűen Működő Részvénytársaság | Adószám: 13517252208 | KSHKOD: 13517252
[2026-05-12 19:20:26] 40. sor | Ceres Sütőipari Zártkörűen Működő Részvénytársaság | Adószám: 13597821208 | KSHKOD: 13597821
[2026-05-12 19:20:27] 41. sor | SIRO Kereskedelmi,Szolgáltató és Tanácsadó Zártkörűen Működő Részvénytársaság | Adószám: 13768647208 | KSHKOD: 13768647
[2026-05-12 19:20:27] 42. sor | Fertővidéki Helyi Érdekű Vasút Zárkörűen Működő Részvénytársaság | Adószám: 12406685208 | KSHKOD: 12406685
[2026-05-12 19:20:28] 43. sor | CREDITIÁL Pénzügyi Szolgáltató Zártkörűen Működő Részvénytársaság | Adószám: 14092934208 | KSHKOD: 14092934
[2026-05-12 19:20:28] 44. sor | X-Holding Vagyonkezelő Zárkörűen Működő Részvénytársaság | Adószám: 14114546208 | KSHKOD: 14114546
[2026-05-12 19:20:29] 45. sor | ORIGO-SÁNTA INVEST Vagyonkezelő Zártkörűen Működő Részvénytársaság | Adószám: 14318252208 | KSHKOD: 14318252
[2026-05-12 19:20:29] 46. sor | METNA-TECH Vasipari Gyártó és Forgalmazó Zártkörűen Működő Részvénytársaság | Adószám: 14514678208 | KSHKOD: 14514678
[2026-05-12 19:20:29] 47. sor | GYSEV CARGO Zártkörűen Működő Részvénytársaság | Adószám: 14834251208 | KSHKOD: 14834251
[2026-05-12 19:20:30] 48. sor | GYŐR-SZOL Győri Közszolgáltató és Vagyongazdálkodó Zártkörűen Működő Részvénytársaság | Adószám: 11693062208 | KSHKOD: 11693062
[2026-05-12 19:20:30] 49. sor | Merico Components Zártkörűen Működő Részvénytársaság | Adószám: 11701743208 | KSHKOD: 11701743
[2026-05-12 19:20:30] 50. sor | HAN INVEST Vagyonkezelő Zártkörűen Működő Részvénytársaság | Adószám: 11746548208 | KSHKOD: 11746548
[2026-05-12 19:20:31] 51. sor | ViDaNet Kábeltelevíziós Szolgáltató, Zártkörűen Működő Részvénytársaság | Adószám: 11919531208 | KSHKOD: 11919531
[2026-05-12 19:20:31] 52. sor | EURO GENERÁL Építő és Szolgáltató Zártkörűen Működő Részvénytársaság | Adószám: 22927800208 | KSHKOD: 22927800
[2026-05-12 19:20:31] 53. sor | MHC Mobility Zártkörűen Működő Részvénytársaság | Adószám: 14291896208 | KSHKOD: 14291896
[2026-05-12 19:20:32] 54. sor | Omixon Zártkörűen Működő Részvénytársaság | Adószám: 23020250108 | KSHKOD: 23020250
[2026-05-12 19:20:32] 55. sor | AUDI HUNGARIA Zártkörűen Működő Részvénytársaság | Adószám: 23391475208 | KSHKOD: 23391475
[2026-05-12 19:20:33] 56. sor | SILVER DGY Közúti Árufuvarozó, Építőipari és Kereskedelmi Zártkörűen Működő Részvénytársaság | Adószám: 13854799208 | KSHKOD: 13854799
[2026-05-12 19:20:33] 57. sor | Moveo Zártkörűen Működő Részvénytársaság | Adószám: 14321924208 | KSHKOD: 14321924
[2026-05-12 19:20:33] 58. sor | GRABOPLAST Padlógyártó Zártkörűen Működő Részvénytársaság | Adószám: 14986042208 | KSHKOD: 14986042
[2026-05-12 19:20:34] 59. sor | CÉLTRANS'97 Nemzetközi Fuvarozó és Kereskedelmi Zártkörűen Működő Részvénytársaság | Adószám: 24659385208 | KSHKOD: 24659385
[2026-05-12 19:20:34] 60. sor | FERTŐMENTI COOP Kereskedelmi és Szolgáltató Zártkörűen működő Részvénytársaság | Adószám: 24678533208 | KSHKOD: 24678533
[2026-05-12 19:20:35] 61. sor | SPA Hungary Holding Szolgáltató és Kereskedelmi Zártkörűen Működő Részvénytársaság | Adószám: 14467277208 | KSHKOD: 14467277
[2026-05-12 19:20:35] 62. sor | MBH DUNA BANK Zártkörűen Működő Részvénytársaság | Adószám: 24719018244 | KSHKOD: 24719018
[2026-05-12 19:20:36] 63. sor | PBA Insura Zártkörűen Működő Részvénytársaság | Adószám: 24756437208 | KSHKOD: 24756437
[2026-05-12 19:20:36] 64. sor | BUBBLES International Zártkörűen Működő Részvénytársaság | Adószám: 24786922208 | KSHKOD: 24786922
[2026-05-12 19:20:37] 65. sor | Pannon Finance Pénzügyi Szolgáltató Zártkörűen Működő Részvénytársaság | Adószám: 24881546108 | KSHKOD: 24881546
[2026-05-12 19:20:37] 66. sor | Meshlin Composites Zártkörűen Működő Részvénytársaság | Adószám: 24913140208 | KSHKOD: 24913140
[2026-05-12 19:20:38] 67. sor | Invictus Central European Investment Vagyonkezelő és Beruházási Holding Zártkörűen Működő Részvénytársaság | Adószám: 25187041208 | KSHKOD: 25187041
[2026-05-12 19:20:38] 68. sor | Straight Investment Zártkörűen Működő Részvénytársaság | Adószám: 25397886208 | KSHKOD: 25397886
[2026-05-12 19:20:38] 69. sor | Different Innovations Zártkörűen Működő Részvénytársaság | Adószám: 25404119208 | KSHKOD: 25404119
[2026-05-12 19:20:39] 70. sor | Central European Trade House Zártkörűen Működő Részvénytársaság | Adószám: 25377084208 | KSHKOD: 25377084
[2026-05-12 19:20:39] 71. sor | Rábalux Világítástechnika Zártkörűen Működő Részvénytársaság | Adószám: 25791682208 | KSHKOD: 25791682
[2026-05-12 19:20:39] 72. sor | NeTcar Autósiskola Zártkörűen Működő Részvénytársaság | Adószám: 24652780208 | KSHKOD: 24652780
[2026-05-12 19:20:40] 73. sor | Pannon Tessera Hospitalis Zártkörűen Működő Részvénytársaság | Adószám: 25739796208 | KSHKOD: 25739796
[2026-05-12 19:20:40] 74. sor | BL Armentum Kereskedelmi és Szolgáltató Zártkörűen Működő Részvénytársaság | Adószám: 26334655208 | KSHKOD: 26334655
[2026-05-12 19:20:41] 75. sor | Lombard Portfolió Zártkörűen Működő Részvénytársaság | Adószám: 26607229208 | KSHKOD: 26607229
[2026-05-12 19:20:41] 76. sor | LEONIDAS Zártkörűen Működő Részvénytársaság | Adószám: 22784230208 | KSHKOD: 22784230
[2026-05-12 19:20:41] 77. sor | Mod Számítástechnikai Zártkörűen Működő Részvénytársaság | Adószám: 27029244208 | KSHKOD: 27029244
[2026-05-12 19:20:42] 78. sor | Pro Automotive Quality Support & Services Zártkörűen Működő Részvénytársaság | Adószám: 27071997208 | KSHKOD: 27071997
[2026-05-12 19:20:42] 79. sor | Lipóti Tóth és Társai Zártkörűen Működő Részvénytársaság | Adószám: 27081147208 | KSHKOD: 27081147
[2026-05-12 19:20:42] 80. sor | MÉRNÖK-MÁTRIX Építőipari, Kereskedelmi és Szolgáltató Zártkörűen Működő Részvénytársaság | Adószám: 27306165208 | KSHKOD: 27306165
[2026-05-12 19:20:43] 81. sor | Sensonic Design Zártkörűen Működő Részvénytársaság | Adószám: 26722281208 | KSHKOD: 26722281
[2026-05-12 19:20:43] 82. sor | ŐRHÁZ-DEFENSE Tulajdonbiztonsági Zártkörűen Működő Részvénytársaság | Adószám: 26171056208 | KSHKOD: 26171056
[2026-05-12 19:20:44] 83. sor | Pet Akvarisztika Kereskedelmi és Szolgáltató Zártkörűen Működő Részvénytársaság | Adószám: 28732066208 | KSHKOD: 28732066
[2026-05-12 19:20:45] 84. sor | Design Plan Zártkörűen Működő Részvénytársaság | Adószám: 28743341208 | KSHKOD: 28743341
[2026-05-12 19:20:45] 85. sor | Waste Project Hungary Tervező és Kivitelező Zártkörűen Működő Részvénytársaság | Adószám: 28804563208 | KSHKOD: 28804563
[2026-05-12 19:20:45] 86. sor | ShopWelt Zártkörűen Működő Részvénytársaság | Adószám: 29027767208 | KSHKOD: 29027767
[2026-05-12 19:20:46] 87. sor | Villa Sebus Taberna Zártkörűen Működő Részvénytársaság | Adószám: 29221301208 | KSHKOD: 29221301
[2026-05-12 19:20:46] 88. sor | METAL SHREDDER HUNGARY Zártkörűen Működő Részvénytársaság | Adószám: 27415098208 | KSHKOD: 27415098
[2026-05-12 19:20:47] 89. sor | Blue Planet Investment Zártkörűen Működő Részvénytársaság | Adószám: 27509193208 | KSHKOD: 27509193
[2026-05-12 19:20:47] 90. sor | Cloud for Intelligent Airplace Zártkörűen Működő Részvénytársaság | Adószám: 27757853208 | KSHKOD: 27757853
[2026-05-12 19:20:48] 91. sor | CRATIS Ingatlanbefektető és Szolgáltató Zártkörűen Működő Részvénytársaság | Adószám: 13670775208 | KSHKOD: 13670775
[2026-05-12 19:20:48] 92. sor | GRÁCIA Kereskedelmi Zártkörűen Működő Részvénytársaság | Adószám: 10793176208 | KSHKOD: 10793176
[2026-05-12 19:20:50] 93. sor | Create Innovate Deliver Hungary Zártkörűen Működő Részvénytársaság | Adószám: 25556175208 | KSHKOD: 25556175
[2026-05-12 19:20:50] 94. sor | Arzano Management Zártkörűen Működő Részvénytársaság | Adószám: 27862407208 | KSHKOD: 27862407
[2026-05-12 19:20:50] 95. sor | Apprehend Holdings Zártkörűen Működő Részvénytársaság | Adószám: 25069615208 | KSHKOD: 25069615
[2026-05-12 19:20:50] 96. sor | fws online Zártkörűen Működő Részvénytársaság | Adószám: 32180840208 | KSHKOD: 32180840
[2026-05-12 19:20:51] 97. sor | Széchenyi Üzleti és Vagyonkezelő Holding Zártkörűen Működő Részvénytársaság | Adószám: 32220685208 | KSHKOD: 32220685
[2026-05-12 19:20:51] 98. sor | Széchenyi Innovációs Holding Zártkörűen Működő Részvénytársaság | Adószám: 32222412208 | KSHKOD: 32222412
[2026-05-12 19:20:51] 99. sor | UNI-Győr Basket Zártkörűen Működő Részvénytársaság | Adószám: 32225006208 | KSHKOD: 32225006
[2026-05-12 19:20:52] 100. sor | CP Management Hungary Zártkörűen Működő Részvénytársaság | Adószám: 32277742208 | KSHKOD: 32277742
[2026-05-12 19:20:52] 101. sor | ABmot Szolgáltató Gyártó Kereskedő Zártkörűen Működő Részvénytársaság | Adószám: 28752394208 | KSHKOD: 28752394
[2026-05-12 19:20:53] 102. sor | Yellow Trade Befektető Zártkörűen Működő Részvénytársaság | Adószám: 25918052208 | KSHKOD: 25918052
[2026-05-12 19:20:53] 103. sor | Yellow Informatikai Tanácsadó Zártkörűen Működő Részvénytársaság | Adószám: 25948248208 | KSHKOD: 25948248
[2026-05-12 19:20:54] 104. sor | DUNA-ÁG AGRO Zártkörűen Működő Részvénytársaság | Adószám: 32426582208 | KSHKOD: 32426582
[2026-05-12 19:20:54] 105. sor | Hedviga Hungary Zártkörűen Működő Részvénytársaság | Adószám: 25535918208 | KSHKOD: 25535918
[2026-05-12 19:20:55] 106. sor | Lioncourt Services Zártkörűen Működő Részvénytársaság | Adószám: 27969281208 | KSHKOD: 27969281
[2026-05-12 19:20:55] 107. sor | BKS Recycling Zártkörűen Működő Részvénytársaság | Adószám: 28772880208 | KSHKOD: 28772880
[2026-05-12 19:20:56] 108. sor | NEWGREEN Hungary Zártkörűen Működő Részvénytársaság | Adószám: 27522400208 | KSHKOD: 27522400
[2026-05-12 19:20:56] 109. sor | Siriat Zártkörűen Működő Részvénytársaság | Adószám: 24201353208 | KSHKOD: 24201353
[2026-05-12 19:20:56] 110. sor | Random Digital Zártkörűen Működő Részvénytársaság | Adószám: 27478002208 | KSHKOD: 27478002
[2026-05-12 19:20:57] 111. sor | Moson Wind Zártkörűen Működő Részvénytársaság | Adószám: 32594968208 | KSHKOD: 32594968
[2026-05-12 19:20:57] 112. sor | Rába Wind Zártkörűen Működő Részvénytársaság | Adószám: 32594982208 | KSHKOD: 32594982
[2026-05-12 19:20:57] 113. sor | Delovite Solutions Zártkörűen Működő Részvénytársaság | Adószám: 26736923208 | KSHKOD: 26736923
[2026-05-12 19:20:58] 114. sor | LMBO Invest Zártkörűen Működő Részvénytársaság | Adószám: 32601112108 | KSHKOD: 32601112
[2026-05-12 19:20:59] 115. sor | Uni Inno Zártkörűen Működő Részvénytársaság | Adószám: 32615971208 | KSHKOD: 32615971
[2026-05-12 19:20:59] 116. sor | MPS Petrol Zártkörűen Működő Részvénytársaság | Adószám: 32654062208 | KSHKOD: 32654062
[2026-05-12 19:21:00] 117. sor | ARRABONA TRUST Bizalmi Vagyonkezelő Zártkörűen Működő Részvénytársaság | Adószám: 32672257208 | KSHKOD: 32672257
[2026-05-12 19:21:00] 118. sor | Elite Management Zártkörűen Működő Részvénytársaság | Adószám: 32080018208 | KSHKOD: 32080018
[2026-05-12 19:21:01] 119. sor | STRP Capital Alapkezelő Zártkörűen Működő Részvénytársaság | Adószám: 32614286208 | KSHKOD: 32614286
[2026-05-12 19:21:01] Hulladék adatok lekérése indul...
[2026-05-12 19:21:02] Adatok aggregálása...
[2026-05-12 19:21:04] Szűrők frissítése...
[2026-05-12 19:21:04] Nézetek frissítése...
[2026-05-12 19:21:06] Lekérdezés kész.
